// Jest Snapshot v1, https://goo.gl/fbAQLP

exports[`EditFoodScreen: renders correctly 1`] = `
<View
  style={
    Object {
      "flex": 1,
    }
  }
>
  <View
    style={
      Object {
        "flex": 1,
      }
    }
  />
  <View
    accessible={true}
    isTVSelectable={true}
    onResponderGrant={[Function]}
    onResponderMove={[Function]}
    onResponderRelease={[Function]}
    onResponderTerminate={[Function]}
    onResponderTerminationRequest={[Function]}
    onStartShouldSetResponder={[Function]}
    style={
      Object {
        "opacity": 1,
      }
    }
  >
    <Text
      style={
        Object {
          "color": "red",
          "fontSize": 18,
          "justifyContent": "flex-end",
          "marginBottom": 20,
          "marginTop": 20,
          "textAlign": "center",
        }
      }
    >
      Clear Plate
    </Text>
  </View>
</View>
`;
