// Jest Snapshot v1, https://goo.gl/fbAQLP

exports[`SideItem: renders correctly 1`] = `
<View
  accessible={true}
  isTVSelectable={true}
  onResponderGrant={[Function]}
  onResponderMove={[Function]}
  onResponderRelease={[Function]}
  onResponderTerminate={[Function]}
  onResponderTerminationRequest={[Function]}
  onStartShouldSetResponder={[Function]}
  style={
    Object {
      "opacity": 1,
    }
  }
>
  <View
    style={
      Object {
        "flex": 1,
      }
    }
  >
    <View
      accessibilityIgnoresInvertColors={true}
      style={
        Object {
          "alignItems": "center",
          "flex": 1,
          "height": 64,
          "justifyContent": "center",
          "margin": 5,
          "textAlign": "center",
          "width": 64,
          "zIndex": 10,
        }
      }
    >
      <Image
        source={1}
        style={
          Array [
            Object {
              "bottom": 0,
              "left": 0,
              "position": "absolute",
              "right": 0,
              "top": 0,
            },
            Object {
              "height": 64,
              "width": 64,
            },
            undefined,
          ]
        }
      />
      <View
        style={
          Object {
            "alignItems": "center",
            "flex": 1,
            "justifyContent": "center",
            "textAlign": "center",
            "zIndex": 11,
          }
        }
      >
        <Text
          style={
            Object {
              "fontSize": 24,
            }
          }
        />
      </View>
    </View>
  </View>
</View>
`;
